// Jest Snapshot v1, https://goo.gl/fbAQLP

exports[`Loading should render 1`] = `
<styled.div>
  Loading...
</styled.div>
`;
